
> starter_helpi@0.1.0 test
> react-scripts test --coverage

FAIL src/App.test.tsx
  ✕ renders learn react link (78 ms)

  ● renders learn react link

    TestingLibraryElementError: Unable to find an element with the text: /learn react/i. This could be because the text is broken up by multiple elements. In this case, you can provide a function for your text matcher to make your matcher more flexible.

    Ignored nodes: comments, script, style
    [36m<body>[39m
      [36m<div>[39m
        [36m<div[39m
          [33mclass[39m=[32m"App"[39m
        [36m>[39m
          [36m<div>[39m
            [36m<nav[39m
              [33mclass[39m=[32m"bg-body-tertiary navbar navbar-expand-lg navbar-light"[39m
            [36m>[39m
              [36m<div[39m
                [33mclass[39m=[32m"container"[39m
              [36m>[39m
                [36m<span[39m
                  [33mclass[39m=[32m"navbar-brand"[39m
                [36m>[39m
                  [0mCareerFinder4U[0m
                [36m</span>[39m
                [36m<button[39m
                  [33maria-controls[39m=[32m"basic-navbar-nav"[39m
                  [33maria-label[39m=[32m"Toggle navigation"[39m
                  [33mclass[39m=[32m"navbar-toggler collapsed"[39m
                  [33mtype[39m=[32m"button"[39m
                [36m>[39m
                  [36m<span[39m
                    [33mclass[39m=[32m"navbar-toggler-icon"[39m
                  [36m/>[39m
                [36m</button>[39m
                [36m<div[39m
                  [33mclass[39m=[32m"navbar-collapse collapse"[39m
                  [33mid[39m=[32m"basic-navbar-nav"[39m
                [36m>[39m
                  [36m<div[39m
                    [33mclass[39m=[32m"me-auto navbar-nav"[39m
                  [36m>[39m
                    [36m<a[39m
                      [33mclass[39m=[32m"nav-link"[39m
                      [33mhref[39m=[32m"#"[39m
                      [33mrole[39m=[32m"button"[39m
                      [33mtabindex[39m=[32m"0"[39m
                    [36m>[39m
                      [0mBasic Questions Page[0m
                    [36m</a>[39m
                    [36m<a[39m
                      [33mclass[39m=[32m"nav-link"[39m
                      [33mhref[39m=[32m"#"[39m
                      [33mrole[39m=[32m"button"[39m
                      [33mtabindex[39m=[32m"0"[39m
                    [36m>[39m
                      [0mDetailed Questions Page[0m
                    [36m</a>[39m
                    [36m<div[39m
                      [33mclass[39m=[32m"nav-item dropdown"[39m
                    [36m>[39m
                      [36m<a[39m
                        [33maria-expanded[39m=[32m"false"[39m
                        [33mclass[39m=[32m"dropdown-toggle nav-link"[39m
                        [33mhref[39m=[32m"#"[39m
                        [33mid[39m=[32m"basic-nav-dropdown"[39m
                        [33mrole[39m=[32m"button"[39m
                        [33mtabindex[39m=[32m"0"[39m
                      [36m>[39m
                        [0mDropdown[0m
                      [36m</a>[39m
                    [36m</div>[39m
                  [36m</div>[39m
                [36m</div>[39m
              [36m</div>[39m
            [36m</nav>[39m
            [36m<p />[39m
            [36m<h1[39m
              [33mclass[39m=[32m"padding3"[39m
            [36m>[39m
              [0mHome Page[0m
            [36m</h1>[39m
            [36m<p />[39m
            [36m<main[39m
              [33mclass[39m=[32m"padding2"[39m
            [36m>[39m
              [36m<div[39m
                [33mclass[39m=[32m"box"[39m
              [36m>[39m
                [36m<p />[39m
                [36m<h3>[39m
                  [0mBasic Questions Page[0m
                [36m</h3>[39m
                [36m<p />[39m
                [36m<p[39m
                  [33mclass[39m=[32m"padding"[39m
                [36m>[39m
                  [0mThe basic questions page is designed to provide concise and straightforward answers to common inquiries about your career. Dive in to find quick insights about your interests and career.[0m
                [36m</p>[39m
                [36m<p />[39m
                [36m<button[39m
                  [33mclass[39m=[32m"MuiButton-root MuiButton-variantSolid MuiButton-colorPrimary MuiButton-sizeMd css-gs6if9-JoyButton-root"[39m
                  [33mtype[39m=[32m"button"[39m
                [36m>[39m
                  [0mBASIC QUESTIONS PAGE[0m
                [36m</button>[39m
              [36m</div>[39m
              [36m<div[39m
                [33mclass[39m=[32m"box"[39m
              [36m>[39m
                [36m<p />[39m
                [36m<h3>[39m
                  [0mDetailed Questions Page[0m
                [36m</h3>[39m
                [36m<p />[39m
                [36m<p[39m
                  [33mclass[39m=[32m"padding"[39m
                [36m>[39m
                  [0mThe detailed questions page offers in-depth explanations to questions you have about your career pathway. Each response is  crafted to provide thorough explanations.[0m
                [36m</p>[39m
                [36m<p />[39m
                [36m<button[39m
                  [33mclass[39m=[32m"MuiButton-root MuiButton-variantSolid MuiButton-colorPrimary MuiButton-sizeMd css-gs6if9-JoyButton-root"[39m
                  [33mtype[39m=[32m"button"[39m
                [36m>[39m
                  [0mDETAILED QUESTIONS PAGE[0m
                [36m</button>[39m
              [36m</div>[39m
            [36m</main>[39m
          [36m</div>[39m
          [36m<form[39m
            [33mclass[39m=[32m""[39m
          [36m>[39m
            [36m<label[39m
              [33mclass[39m=[32m"form-label"[39m
            [36m>[39m
              [0mAPI Key:[0m
            [36m</label>[39m
            [36m<input[39m
              [33mclass[39m=[32m"form-control"[39m
              [33mplaceholder[39m=[32m"Insert API Key Here"[39m
              [33mtype[39m=[32m"password"[39m
            [36m/>[39m
            [36m<br />[39m
            [36m<button[39m
              [33mclass[39m=[32m"Submit-Button btn btn-primary"[39m
              [33mtype[39m=[32m"button"[39m
            [36m>[39m
              [0mSubmit[0m
            [36m</button>[39m
          [36m</form>[39m
        [36m</div>[39m
      [36m</div>[39m
    [36m</body>[39m

    [0m [90m  5 |[39m test([32m'renders learn react link'[39m[33m,[39m () [33m=>[39m {
     [90m  6 |[39m   render([33m<[39m[33mApp[39m [33m/[39m[33m>[39m)[33m;[39m
    [31m[1m>[22m[39m[90m  7 |[39m   [36mconst[39m linkElement [33m=[39m screen[33m.[39mgetByText([35m/learn react/i[39m)[33m;[39m
     [90m    |[39m                              [31m[1m^[22m[39m
     [90m  8 |[39m   expect(linkElement)[33m.[39mtoBeInTheDocument()[33m;[39m
     [90m  9 |[39m })[33m;[39m
     [90m 10 |[39m[0m

      at Object.getElementError (node_modules/@testing-library/react/node_modules/@testing-library/dom/dist/config.js:37:19)
      at node_modules/@testing-library/react/node_modules/@testing-library/dom/dist/query-helpers.js:76:38
      at node_modules/@testing-library/react/node_modules/@testing-library/dom/dist/query-helpers.js:52:17
      at getByText (node_modules/@testing-library/react/node_modules/@testing-library/dom/dist/query-helpers.js:95:19)
      at Object.<anonymous> (src/App.test.tsx:7:30)
      at TestScheduler.scheduleTests (node_modules/@jest/core/build/TestScheduler.js:333:13)
      at runJest (node_modules/@jest/core/build/runJest.js:404:19)
      at _run10000 (node_modules/@jest/core/build/cli/index.js:320:7)
      at runCLI (node_modules/@jest/core/build/cli/index.js:173:3)

[0;33mOne of your dependencies, babel-preset-react-app, is importing the
"@babel/plugin-proposal-private-property-in-object" package without
declaring it in its dependencies. This is currently working because
"@babel/plugin-proposal-private-property-in-object" is already in your
node_modules folder for unrelated reasons, but it [1mmay break at any time[0;33m.

babel-preset-react-app is part of the create-react-app project, [1mwhich
is not maintianed anymore[0;33m. It is thus unlikely that this bug will
ever be fixed. Add "@babel/plugin-proposal-private-property-in-object" to
your devDependencies to work around this error. This will make this message
go away.[0m
  
----------------------------|---------|----------|---------|---------|-------------------
File                        | % Stmts | % Branch | % Funcs | % Lines | Uncovered Line #s 
----------------------------|---------|----------|---------|---------|-------------------
All files                   |   15.51 |     7.14 |   12.12 |   15.51 |                   
 src                        |   28.57 |    16.66 |      20 |   28.57 |                   
  App.tsx                   |      60 |       50 |   33.33 |      60 | 16,24-30          
  index.tsx                 |       0 |      100 |     100 |       0 | 8-19              
  reportWebVitals.ts        |       0 |        0 |       0 |       0 | 3-10              
 src/components             |   12.63 |     6.25 |   10.71 |   12.63 |                   
  BasicQuestionsPage.tsx    |       0 |        0 |       0 |       0 | 14-245            
  Buttons.tsx               |   55.55 |       50 |   33.33 |   55.55 | 38,42,56-57       
  DetailedQuestionsPage.tsx |       0 |        0 |       0 |       0 | 16-248            
  Home.tsx                  |   63.63 |       50 |      50 |   63.63 | 33,37,60-77       
  ProgressBar.tsx           |       0 |      100 |       0 |       0 | 4                 
----------------------------|---------|----------|---------|---------|-------------------
Test Suites: 1 failed, 1 total
Tests:       1 failed, 1 total
Snapshots:   0 total
Time:        3.683 s
Ran all test suites.
